#-----------------------------------------------------------
# Vivado v2018.1 (64-bit)
# SW Build 2188600 on Wed Apr  4 18:40:38 MDT 2018
# IP Build 2185939 on Wed Apr  4 20:55:05 MDT 2018
# Start of session at: Sun Jun  4 11:56:28 2023
# Process ID: 11144
# Current directory: C:/Users/accha/Desktop/abc
# Command line: vivado.exe -gui_launcher_event rodinguilauncherevent10592 C:\Users\accha\Desktop\abc\Nanoprocessor_Design.xpr
# Log file: C:/Users/accha/Desktop/abc/vivado.log
# Journal file: C:/Users/accha/Desktop/abc\vivado.jou
#-----------------------------------------------------------
start_gui
open_project C:/Users/accha/Desktop/abc/Nanoprocessor_Design.xpr
update_compile_order -fileset sources_1
launch_simulation
source TB_mux_2_way_4_bit.tcl
save_wave_config {C:/Users/accha/Desktop/abc/TB_mux_2_way_4_bit_behav.wcfg}
add_files -fileset sim_1 -norecurse C:/Users/accha/Desktop/abc/TB_mux_2_way_4_bit_behav.wcfg
set_property xsim.view C:/Users/accha/Desktop/abc/TB_mux_2_way_4_bit_behav.wcfg [get_filesets sim_1]
close_sim
