#-----------------------------------------------------------
# Vivado v2018.1 (64-bit)
# SW Build 2188600 on Wed Apr  4 18:40:38 MDT 2018
# IP Build 2185939 on Wed Apr  4 20:55:05 MDT 2018
# Start of session at: Tue Jun 13 01:16:26 2023
# Process ID: 18460
# Current directory: C:/Users/accha/Desktop/Nanoprocessor_Design
# Command line: vivado.exe -gui_launcher_event rodinguilauncherevent5416 C:\Users\accha\Desktop\Nanoprocessor_Design\Nanoprocessor_Design.xpr
# Log file: C:/Users/accha/Desktop/Nanoprocessor_Design/vivado.log
# Journal file: C:/Users/accha/Desktop/Nanoprocessor_Design\vivado.jou
#-----------------------------------------------------------
start_gui
open_project C:/Users/accha/Desktop/Nanoprocessor_Design/Nanoprocessor_Design.xpr
update_compile_order -fileset sources_1
launch_simulation
open_wave_config C:/Users/accha/Desktop/Nanoprocessor_Design/TB_Nanoprocessor_Design_behav.wcfg
source TB_Nanoprocessor_Design.tcl
reset_run synth_1
launch_runs synth_1 -jobs 8
wait_on_run synth_1
launch_runs impl_2 -jobs 8
wait_on_run impl_2
open_run impl_2
launch_runs impl_2 -to_step write_bitstream -jobs 8
wait_on_run impl_2
close_sim
